// Jest Snapshot v1, https://goo.gl/fbAQLP

exports[`<SubmitBtn /> should render and match the snapshot 1`] = `
<button
  className="SubmitBtnElements__SubmitBtnWrapper-sc-15ad74p-0 dSStNU"
>
   
   
</button>
`;
